// Jest Snapshot v1, https://goo.gl/fbAQLP

exports[`Roster Filter players 1`] = `
<div
  className="row bg-light-grey padding-top-4"
>
  <div
    className="row roster-filter-div"
  >
    <div
      className="col-md-12"
      id="roster-filter"
    >
      <label
        className="form-check-label"
        htmlFor="rosterfilterinput"
      >
        Filter:
      </label>
      <input
        id="rosterfilterinput"
        name="filter"
        onChange={[Function]}
        type="text"
      />
    </div>
    <div
      className="col-md-12 showinactive-div"
    >
      <input
        className="form-check-input"
        id="showinactive"
        name="showinactive"
        onClick={[Function]}
        type="checkbox"
        value=""
      />
      <label
        className="form-check-label"
        htmlFor="showinactive"
      >
        Show Inactive
      </label>
    </div>
  </div>
  <table
    className="table table-striped table-bordered "
  >
    <thead>
      <tr>
        <th
          scope="col"
        >
          Name
        </th>
        <th
          className="d-none d-lg-table-cell"
          scope="col"
        >
          Discord
        </th>
        <th
          colSpan={5}
          scope="col"
        >
          Main
        </th>
        <th
          className="d-none d-lg-table-cell"
          colSpan={5}
          scope="col"
        >
          Alt
        </th>
        <th
          className="d-none d-lg-table-cell"
          scope="col"
        >
          Active
        </th>
      </tr>
    </thead>
    <tbody>
      <tr>
        <th>
          test1
        </th>
        <td
          className="d-none d-lg-table-cell"
        >
          discordusername
        </td>
        <td>
          <img
            alt=""
            className="padding-bottom-4"
            height="15px"
            src="lifestaff.png"
          />
          <span>
            Life Staff
          </span>
          <br />
          <img
            alt=""
            className="padding-bottom-4 d-md-none"
            height="15px"
            src="sword.png"
          />
          <span
            className="d-lg-none"
          >
            Sword
          </span>
          <span
            className="d-lg-none"
          >
            <br />
            Light
          </span>
          <span
            className="d-lg-none"
          >
            <br />
            dps
          </span>
          <span
            className="d-lg-none"
          >
            <br />
            600
          </span>
        </td>
        <td
          className="d-none d-lg-table-cell"
        >
          <img
            alt=""
            className="padding-bottom-4"
            height="15px"
            src="sword.png"
          />
          <span>
            Sword
          </span>
        </td>
        <td
          className="d-none d-lg-table-cell"
        >
          <span>
            Light
          </span>
        </td>
        <td
          className="d-none d-lg-table-cell"
        >
          <span>
            dps
          </span>
        </td>
        <td
          className="d-none d-lg-table-cell"
        >
          <span>
            600
          </span>
        </td>
        <td
          className="d-none d-lg-table-cell"
        >
          <img
            alt=""
            className="padding-bottom-4"
            height="15px"
            src="lifestaff.png"
          />
          <span>
            Life Staff
          </span>
        </td>
        <td
          className="d-none d-lg-table-cell"
        >
          <img
            alt=""
            className="padding-bottom-4"
            height="15px"
            src="sword.png"
          />
          <span>
            Sword
          </span>
        </td>
        <td
          className="d-none d-lg-table-cell"
        >
          <span>
            Light
          </span>
        </td>
        <td
          className="d-none d-lg-table-cell"
        >
          <span>
            dps
          </span>
        </td>
        <td
          className="d-none d-lg-table-cell"
        >
          <span>
            600
          </span>
        </td>
        <td
          className="txt-center d-none d-lg-table-cell"
        >
          <svg
            aria-hidden="true"
            className="svg-inline--fa fa-thumbs-up active-player-icon"
            data-icon="thumbs-up"
            data-prefix="fas"
            focusable="false"
            onClick={[Function]}
            role="img"
            style={Object {}}
            viewBox="0 0 512 512"
            xmlns="http://www.w3.org/2000/svg"
          >
            <path
              d="M313.4 32.9c26 5.2 42.9 30.5 37.7 56.5l-2.3 11.4c-5.3 26.7-15.1 52.1-28.8 75.2H464c26.5 0 48 21.5 48 48c0 25.3-19.5 46-44.3 47.9c7.7 8.5 12.3 19.8 12.3 32.1c0 23.4-16.8 42.9-38.9 47.1c4.4 7.2 6.9 15.8 6.9 24.9c0 21.3-13.9 39.4-33.1 45.6c.7 3.3 1.1 6.8 1.1 10.4c0 26.5-21.5 48-48 48H294.5c-19 0-37.5-5.6-53.3-16.1l-38.5-25.7C176 420.4 160 390.4 160 358.3V320 272 247.1c0-29.2 13.3-56.7 36-75l7.4-5.9c26.5-21.2 44.6-51 51.2-84.2l2.3-11.4c5.2-26 30.5-42.9 56.5-37.7zM32 192H96c17.7 0 32 14.3 32 32V448c0 17.7-14.3 32-32 32H32c-17.7 0-32-14.3-32-32V224c0-17.7 14.3-32 32-32z"
              fill="currentColor"
              style={Object {}}
            />
          </svg>
        </td>
      </tr>
      <tr>
        <th>
          test2
        </th>
        <td
          className="d-none d-lg-table-cell"
        >
          discordusername
        </td>
        <td>
          <img
            alt=""
            className="padding-bottom-4"
            height="15px"
            src="lifestaff.png"
          />
          <span>
            Life Staff
          </span>
          <br />
          <img
            alt=""
            className="padding-bottom-4 d-md-none"
            height="15px"
            src="sword.png"
          />
          <span
            className="d-lg-none"
          >
            Sword
          </span>
          <span
            className="d-lg-none"
          >
            <br />
            Light
          </span>
          <span
            className="d-lg-none"
          >
            <br />
            dps
          </span>
          <span
            className="d-lg-none"
          >
            <br />
            600
          </span>
        </td>
        <td
          className="d-none d-lg-table-cell"
        >
          <img
            alt=""
            className="padding-bottom-4"
            height="15px"
            src="sword.png"
          />
          <span>
            Sword
          </span>
        </td>
        <td
          className="d-none d-lg-table-cell"
        >
          <span>
            Light
          </span>
        </td>
        <td
          className="d-none d-lg-table-cell"
        >
          <span>
            dps
          </span>
        </td>
        <td
          className="d-none d-lg-table-cell"
        >
          <span>
            600
          </span>
        </td>
        <td
          className="d-none d-lg-table-cell"
        >
          <img
            alt=""
            className="padding-bottom-4"
            height="15px"
            src="lifestaff.png"
          />
          <span>
            Life Staff
          </span>
        </td>
        <td
          className="d-none d-lg-table-cell"
        >
          <img
            alt=""
            className="padding-bottom-4"
            height="15px"
            src="sword.png"
          />
          <span>
            Sword
          </span>
        </td>
        <td
          className="d-none d-lg-table-cell"
        >
          <span>
            Light
          </span>
        </td>
        <td
          className="d-none d-lg-table-cell"
        >
          <span>
            dps
          </span>
        </td>
        <td
          className="d-none d-lg-table-cell"
        >
          <span>
            600
          </span>
        </td>
        <td
          className="txt-center d-none d-lg-table-cell"
        >
          <svg
            aria-hidden="true"
            className="svg-inline--fa fa-thumbs-up active-player-icon"
            data-icon="thumbs-up"
            data-prefix="fas"
            focusable="false"
            onClick={[Function]}
            role="img"
            style={Object {}}
            viewBox="0 0 512 512"
            xmlns="http://www.w3.org/2000/svg"
          >
            <path
              d="M313.4 32.9c26 5.2 42.9 30.5 37.7 56.5l-2.3 11.4c-5.3 26.7-15.1 52.1-28.8 75.2H464c26.5 0 48 21.5 48 48c0 25.3-19.5 46-44.3 47.9c7.7 8.5 12.3 19.8 12.3 32.1c0 23.4-16.8 42.9-38.9 47.1c4.4 7.2 6.9 15.8 6.9 24.9c0 21.3-13.9 39.4-33.1 45.6c.7 3.3 1.1 6.8 1.1 10.4c0 26.5-21.5 48-48 48H294.5c-19 0-37.5-5.6-53.3-16.1l-38.5-25.7C176 420.4 160 390.4 160 358.3V320 272 247.1c0-29.2 13.3-56.7 36-75l7.4-5.9c26.5-21.2 44.6-51 51.2-84.2l2.3-11.4c5.2-26 30.5-42.9 56.5-37.7zM32 192H96c17.7 0 32 14.3 32 32V448c0 17.7-14.3 32-32 32H32c-17.7 0-32-14.3-32-32V224c0-17.7 14.3-32 32-32z"
              fill="currentColor"
              style={Object {}}
            />
          </svg>
        </td>
      </tr>
      <tr>
        <th>
          test3
        </th>
        <td
          className="d-none d-lg-table-cell"
        >
          discordusername
        </td>
        <td>
          <img
            alt=""
            className="padding-bottom-4"
            height="15px"
            src="lifestaff.png"
          />
          <span>
            Life Staff
          </span>
          <br />
          <img
            alt=""
            className="padding-bottom-4 d-md-none"
            height="15px"
            src="sword.png"
          />
          <span
            className="d-lg-none"
          >
            Sword
          </span>
          <span
            className="d-lg-none"
          >
            <br />
            Light
          </span>
          <span
            className="d-lg-none"
          >
            <br />
            dps
          </span>
          <span
            className="d-lg-none"
          >
            <br />
            600
          </span>
        </td>
        <td
          className="d-none d-lg-table-cell"
        >
          <img
            alt=""
            className="padding-bottom-4"
            height="15px"
            src="sword.png"
          />
          <span>
            Sword
          </span>
        </td>
        <td
          className="d-none d-lg-table-cell"
        >
          <span>
            Light
          </span>
        </td>
        <td
          className="d-none d-lg-table-cell"
        >
          <span>
            dps
          </span>
        </td>
        <td
          className="d-none d-lg-table-cell"
        >
          <span>
            600
          </span>
        </td>
        <td
          className="d-none d-lg-table-cell"
        >
          <img
            alt=""
            className="padding-bottom-4"
            height="15px"
            src="lifestaff.png"
          />
          <span>
            Life Staff
          </span>
        </td>
        <td
          className="d-none d-lg-table-cell"
        >
          <img
            alt=""
            className="padding-bottom-4"
            height="15px"
            src="sword.png"
          />
          <span>
            Sword
          </span>
        </td>
        <td
          className="d-none d-lg-table-cell"
        >
          <span>
            Light
          </span>
        </td>
        <td
          className="d-none d-lg-table-cell"
        >
          <span>
            dps
          </span>
        </td>
        <td
          className="d-none d-lg-table-cell"
        >
          <span>
            600
          </span>
        </td>
        <td
          className="txt-center d-none d-lg-table-cell"
        >
          <svg
            aria-hidden="true"
            className="svg-inline--fa fa-thumbs-up active-player-icon"
            data-icon="thumbs-up"
            data-prefix="fas"
            focusable="false"
            onClick={[Function]}
            role="img"
            style={Object {}}
            viewBox="0 0 512 512"
            xmlns="http://www.w3.org/2000/svg"
          >
            <path
              d="M313.4 32.9c26 5.2 42.9 30.5 37.7 56.5l-2.3 11.4c-5.3 26.7-15.1 52.1-28.8 75.2H464c26.5 0 48 21.5 48 48c0 25.3-19.5 46-44.3 47.9c7.7 8.5 12.3 19.8 12.3 32.1c0 23.4-16.8 42.9-38.9 47.1c4.4 7.2 6.9 15.8 6.9 24.9c0 21.3-13.9 39.4-33.1 45.6c.7 3.3 1.1 6.8 1.1 10.4c0 26.5-21.5 48-48 48H294.5c-19 0-37.5-5.6-53.3-16.1l-38.5-25.7C176 420.4 160 390.4 160 358.3V320 272 247.1c0-29.2 13.3-56.7 36-75l7.4-5.9c26.5-21.2 44.6-51 51.2-84.2l2.3-11.4c5.2-26 30.5-42.9 56.5-37.7zM32 192H96c17.7 0 32 14.3 32 32V448c0 17.7-14.3 32-32 32H32c-17.7 0-32-14.3-32-32V224c0-17.7 14.3-32 32-32z"
              fill="currentColor"
              style={Object {}}
            />
          </svg>
        </td>
      </tr>
    </tbody>
  </table>
</div>
`;

exports[`Roster Headers are displayed 1`] = `
<div
  className="row bg-light-grey padding-top-4"
>
  <div
    className="row roster-filter-div"
  >
    <div
      className="col-md-12"
      id="roster-filter"
    >
      <label
        className="form-check-label"
        htmlFor="rosterfilterinput"
      >
        Filter:
      </label>
      <input
        id="rosterfilterinput"
        name="filter"
        onChange={[Function]}
        type="text"
      />
    </div>
    <div
      className="col-md-12 showinactive-div"
    >
      <input
        className="form-check-input"
        id="showinactive"
        name="showinactive"
        onClick={[Function]}
        type="checkbox"
        value=""
      />
      <label
        className="form-check-label"
        htmlFor="showinactive"
      >
        Show Inactive
      </label>
    </div>
  </div>
  <table
    className="table table-striped table-bordered "
  >
    <thead>
      <tr>
        <th
          scope="col"
        >
          Name
        </th>
        <th
          className="d-none d-lg-table-cell"
          scope="col"
        >
          Discord
        </th>
        <th
          colSpan={5}
          scope="col"
        >
          Main
        </th>
        <th
          className="d-none d-lg-table-cell"
          colSpan={5}
          scope="col"
        >
          Alt
        </th>
        <th
          className="d-none d-lg-table-cell"
          scope="col"
        >
          Active
        </th>
      </tr>
    </thead>
  </table>
</div>
`;

exports[`Roster Players are displayed 1`] = `
<div
  className="row bg-light-grey padding-top-4"
>
  <div
    className="row roster-filter-div"
  >
    <div
      className="col-md-12"
      id="roster-filter"
    >
      <label
        className="form-check-label"
        htmlFor="rosterfilterinput"
      >
        Filter:
      </label>
      <input
        id="rosterfilterinput"
        name="filter"
        onChange={[Function]}
        type="text"
      />
    </div>
    <div
      className="col-md-12 showinactive-div"
    >
      <input
        className="form-check-input"
        id="showinactive"
        name="showinactive"
        onClick={[Function]}
        type="checkbox"
        value=""
      />
      <label
        className="form-check-label"
        htmlFor="showinactive"
      >
        Show Inactive
      </label>
    </div>
  </div>
  <table
    className="table table-striped table-bordered "
  >
    <thead>
      <tr>
        <th
          scope="col"
        >
          Name
        </th>
        <th
          className="d-none d-lg-table-cell"
          scope="col"
        >
          Discord
        </th>
        <th
          colSpan={5}
          scope="col"
        >
          Main
        </th>
        <th
          className="d-none d-lg-table-cell"
          colSpan={5}
          scope="col"
        >
          Alt
        </th>
        <th
          className="d-none d-lg-table-cell"
          scope="col"
        >
          Active
        </th>
      </tr>
    </thead>
    <tbody>
      <tr>
        <th>
          test1
        </th>
        <td
          className="d-none d-lg-table-cell"
        >
          discordusername
        </td>
        <td>
          <img
            alt=""
            className="padding-bottom-4"
            height="15px"
            src="lifestaff.png"
          />
          <span>
            Life Staff
          </span>
          <br />
          <img
            alt=""
            className="padding-bottom-4 d-md-none"
            height="15px"
            src="sword.png"
          />
          <span
            className="d-lg-none"
          >
            Sword
          </span>
          <span
            className="d-lg-none"
          >
            <br />
            Light
          </span>
          <span
            className="d-lg-none"
          >
            <br />
            dps
          </span>
          <span
            className="d-lg-none"
          >
            <br />
            600
          </span>
        </td>
        <td
          className="d-none d-lg-table-cell"
        >
          <img
            alt=""
            className="padding-bottom-4"
            height="15px"
            src="sword.png"
          />
          <span>
            Sword
          </span>
        </td>
        <td
          className="d-none d-lg-table-cell"
        >
          <span>
            Light
          </span>
        </td>
        <td
          className="d-none d-lg-table-cell"
        >
          <span>
            dps
          </span>
        </td>
        <td
          className="d-none d-lg-table-cell"
        >
          <span>
            600
          </span>
        </td>
        <td
          className="d-none d-lg-table-cell"
        >
          <img
            alt=""
            className="padding-bottom-4"
            height="15px"
            src="lifestaff.png"
          />
          <span>
            Life Staff
          </span>
        </td>
        <td
          className="d-none d-lg-table-cell"
        >
          <img
            alt=""
            className="padding-bottom-4"
            height="15px"
            src="sword.png"
          />
          <span>
            Sword
          </span>
        </td>
        <td
          className="d-none d-lg-table-cell"
        >
          <span>
            Light
          </span>
        </td>
        <td
          className="d-none d-lg-table-cell"
        >
          <span>
            dps
          </span>
        </td>
        <td
          className="d-none d-lg-table-cell"
        >
          <span>
            600
          </span>
        </td>
        <td
          className="txt-center d-none d-lg-table-cell"
        >
          <svg
            aria-hidden="true"
            className="svg-inline--fa fa-thumbs-up active-player-icon"
            data-icon="thumbs-up"
            data-prefix="fas"
            focusable="false"
            onClick={[Function]}
            role="img"
            style={Object {}}
            viewBox="0 0 512 512"
            xmlns="http://www.w3.org/2000/svg"
          >
            <path
              d="M313.4 32.9c26 5.2 42.9 30.5 37.7 56.5l-2.3 11.4c-5.3 26.7-15.1 52.1-28.8 75.2H464c26.5 0 48 21.5 48 48c0 25.3-19.5 46-44.3 47.9c7.7 8.5 12.3 19.8 12.3 32.1c0 23.4-16.8 42.9-38.9 47.1c4.4 7.2 6.9 15.8 6.9 24.9c0 21.3-13.9 39.4-33.1 45.6c.7 3.3 1.1 6.8 1.1 10.4c0 26.5-21.5 48-48 48H294.5c-19 0-37.5-5.6-53.3-16.1l-38.5-25.7C176 420.4 160 390.4 160 358.3V320 272 247.1c0-29.2 13.3-56.7 36-75l7.4-5.9c26.5-21.2 44.6-51 51.2-84.2l2.3-11.4c5.2-26 30.5-42.9 56.5-37.7zM32 192H96c17.7 0 32 14.3 32 32V448c0 17.7-14.3 32-32 32H32c-17.7 0-32-14.3-32-32V224c0-17.7 14.3-32 32-32z"
              fill="currentColor"
              style={Object {}}
            />
          </svg>
        </td>
      </tr>
      <tr>
        <th>
          test2
        </th>
        <td
          className="d-none d-lg-table-cell"
        >
          discordusername
        </td>
        <td>
          <img
            alt=""
            className="padding-bottom-4"
            height="15px"
            src="lifestaff.png"
          />
          <span>
            Life Staff
          </span>
          <br />
          <img
            alt=""
            className="padding-bottom-4 d-md-none"
            height="15px"
            src="sword.png"
          />
          <span
            className="d-lg-none"
          >
            Sword
          </span>
          <span
            className="d-lg-none"
          >
            <br />
            Light
          </span>
          <span
            className="d-lg-none"
          >
            <br />
            dps
          </span>
          <span
            className="d-lg-none"
          >
            <br />
            600
          </span>
        </td>
        <td
          className="d-none d-lg-table-cell"
        >
          <img
            alt=""
            className="padding-bottom-4"
            height="15px"
            src="sword.png"
          />
          <span>
            Sword
          </span>
        </td>
        <td
          className="d-none d-lg-table-cell"
        >
          <span>
            Light
          </span>
        </td>
        <td
          className="d-none d-lg-table-cell"
        >
          <span>
            dps
          </span>
        </td>
        <td
          className="d-none d-lg-table-cell"
        >
          <span>
            600
          </span>
        </td>
        <td
          className="d-none d-lg-table-cell"
        >
          <img
            alt=""
            className="padding-bottom-4"
            height="15px"
            src="lifestaff.png"
          />
          <span>
            Life Staff
          </span>
        </td>
        <td
          className="d-none d-lg-table-cell"
        >
          <img
            alt=""
            className="padding-bottom-4"
            height="15px"
            src="sword.png"
          />
          <span>
            Sword
          </span>
        </td>
        <td
          className="d-none d-lg-table-cell"
        >
          <span>
            Light
          </span>
        </td>
        <td
          className="d-none d-lg-table-cell"
        >
          <span>
            dps
          </span>
        </td>
        <td
          className="d-none d-lg-table-cell"
        >
          <span>
            600
          </span>
        </td>
        <td
          className="txt-center d-none d-lg-table-cell"
        >
          <svg
            aria-hidden="true"
            className="svg-inline--fa fa-thumbs-up active-player-icon"
            data-icon="thumbs-up"
            data-prefix="fas"
            focusable="false"
            onClick={[Function]}
            role="img"
            style={Object {}}
            viewBox="0 0 512 512"
            xmlns="http://www.w3.org/2000/svg"
          >
            <path
              d="M313.4 32.9c26 5.2 42.9 30.5 37.7 56.5l-2.3 11.4c-5.3 26.7-15.1 52.1-28.8 75.2H464c26.5 0 48 21.5 48 48c0 25.3-19.5 46-44.3 47.9c7.7 8.5 12.3 19.8 12.3 32.1c0 23.4-16.8 42.9-38.9 47.1c4.4 7.2 6.9 15.8 6.9 24.9c0 21.3-13.9 39.4-33.1 45.6c.7 3.3 1.1 6.8 1.1 10.4c0 26.5-21.5 48-48 48H294.5c-19 0-37.5-5.6-53.3-16.1l-38.5-25.7C176 420.4 160 390.4 160 358.3V320 272 247.1c0-29.2 13.3-56.7 36-75l7.4-5.9c26.5-21.2 44.6-51 51.2-84.2l2.3-11.4c5.2-26 30.5-42.9 56.5-37.7zM32 192H96c17.7 0 32 14.3 32 32V448c0 17.7-14.3 32-32 32H32c-17.7 0-32-14.3-32-32V224c0-17.7 14.3-32 32-32z"
              fill="currentColor"
              style={Object {}}
            />
          </svg>
        </td>
      </tr>
      <tr>
        <th>
          test3
        </th>
        <td
          className="d-none d-lg-table-cell"
        >
          discordusername
        </td>
        <td>
          <img
            alt=""
            className="padding-bottom-4"
            height="15px"
            src="lifestaff.png"
          />
          <span>
            Life Staff
          </span>
          <br />
          <img
            alt=""
            className="padding-bottom-4 d-md-none"
            height="15px"
            src="sword.png"
          />
          <span
            className="d-lg-none"
          >
            Sword
          </span>
          <span
            className="d-lg-none"
          >
            <br />
            Light
          </span>
          <span
            className="d-lg-none"
          >
            <br />
            dps
          </span>
          <span
            className="d-lg-none"
          >
            <br />
            600
          </span>
        </td>
        <td
          className="d-none d-lg-table-cell"
        >
          <img
            alt=""
            className="padding-bottom-4"
            height="15px"
            src="sword.png"
          />
          <span>
            Sword
          </span>
        </td>
        <td
          className="d-none d-lg-table-cell"
        >
          <span>
            Light
          </span>
        </td>
        <td
          className="d-none d-lg-table-cell"
        >
          <span>
            dps
          </span>
        </td>
        <td
          className="d-none d-lg-table-cell"
        >
          <span>
            600
          </span>
        </td>
        <td
          className="d-none d-lg-table-cell"
        >
          <img
            alt=""
            className="padding-bottom-4"
            height="15px"
            src="lifestaff.png"
          />
          <span>
            Life Staff
          </span>
        </td>
        <td
          className="d-none d-lg-table-cell"
        >
          <img
            alt=""
            className="padding-bottom-4"
            height="15px"
            src="sword.png"
          />
          <span>
            Sword
          </span>
        </td>
        <td
          className="d-none d-lg-table-cell"
        >
          <span>
            Light
          </span>
        </td>
        <td
          className="d-none d-lg-table-cell"
        >
          <span>
            dps
          </span>
        </td>
        <td
          className="d-none d-lg-table-cell"
        >
          <span>
            600
          </span>
        </td>
        <td
          className="txt-center d-none d-lg-table-cell"
        >
          <svg
            aria-hidden="true"
            className="svg-inline--fa fa-thumbs-up active-player-icon"
            data-icon="thumbs-up"
            data-prefix="fas"
            focusable="false"
            onClick={[Function]}
            role="img"
            style={Object {}}
            viewBox="0 0 512 512"
            xmlns="http://www.w3.org/2000/svg"
          >
            <path
              d="M313.4 32.9c26 5.2 42.9 30.5 37.7 56.5l-2.3 11.4c-5.3 26.7-15.1 52.1-28.8 75.2H464c26.5 0 48 21.5 48 48c0 25.3-19.5 46-44.3 47.9c7.7 8.5 12.3 19.8 12.3 32.1c0 23.4-16.8 42.9-38.9 47.1c4.4 7.2 6.9 15.8 6.9 24.9c0 21.3-13.9 39.4-33.1 45.6c.7 3.3 1.1 6.8 1.1 10.4c0 26.5-21.5 48-48 48H294.5c-19 0-37.5-5.6-53.3-16.1l-38.5-25.7C176 420.4 160 390.4 160 358.3V320 272 247.1c0-29.2 13.3-56.7 36-75l7.4-5.9c26.5-21.2 44.6-51 51.2-84.2l2.3-11.4c5.2-26 30.5-42.9 56.5-37.7zM32 192H96c17.7 0 32 14.3 32 32V448c0 17.7-14.3 32-32 32H32c-17.7 0-32-14.3-32-32V224c0-17.7 14.3-32 32-32z"
              fill="currentColor"
              style={Object {}}
            />
          </svg>
        </td>
      </tr>
    </tbody>
  </table>
</div>
`;

exports[`Roster Players are sorted 1`] = `
<div
  className="row bg-light-grey padding-top-4"
>
  <div
    className="row roster-filter-div"
  >
    <div
      className="col-md-12"
      id="roster-filter"
    >
      <label
        className="form-check-label"
        htmlFor="rosterfilterinput"
      >
        Filter:
      </label>
      <input
        id="rosterfilterinput"
        name="filter"
        onChange={[Function]}
        type="text"
      />
    </div>
    <div
      className="col-md-12 showinactive-div"
    >
      <input
        className="form-check-input"
        id="showinactive"
        name="showinactive"
        onClick={[Function]}
        type="checkbox"
        value=""
      />
      <label
        className="form-check-label"
        htmlFor="showinactive"
      >
        Show Inactive
      </label>
    </div>
  </div>
  <table
    className="table table-striped table-bordered "
  >
    <thead>
      <tr>
        <th
          scope="col"
        >
          Name
        </th>
        <th
          className="d-none d-lg-table-cell"
          scope="col"
        >
          Discord
        </th>
        <th
          colSpan={5}
          scope="col"
        >
          Main
        </th>
        <th
          className="d-none d-lg-table-cell"
          colSpan={5}
          scope="col"
        >
          Alt
        </th>
        <th
          className="d-none d-lg-table-cell"
          scope="col"
        >
          Active
        </th>
      </tr>
    </thead>
  </table>
</div>
`;

exports[`Roster Show inactive players 1`] = `
<div
  className="row bg-light-grey padding-top-4"
>
  <div
    className="row roster-filter-div"
  >
    <div
      className="col-md-12"
      id="roster-filter"
    >
      <label
        className="form-check-label"
        htmlFor="rosterfilterinput"
      >
        Filter:
      </label>
      <input
        id="rosterfilterinput"
        name="filter"
        onChange={[Function]}
        type="text"
      />
    </div>
    <div
      className="col-md-12 showinactive-div"
    >
      <input
        className="form-check-input"
        id="showinactive"
        name="showinactive"
        onClick={[Function]}
        type="checkbox"
        value=""
      />
      <label
        className="form-check-label"
        htmlFor="showinactive"
      >
        Show Inactive
      </label>
    </div>
  </div>
  <table
    className="table table-striped table-bordered "
  >
    <thead>
      <tr>
        <th
          scope="col"
        >
          Name
        </th>
        <th
          className="d-none d-lg-table-cell"
          scope="col"
        >
          Discord
        </th>
        <th
          colSpan={5}
          scope="col"
        >
          Main
        </th>
        <th
          className="d-none d-lg-table-cell"
          colSpan={5}
          scope="col"
        >
          Alt
        </th>
        <th
          className="d-none d-lg-table-cell"
          scope="col"
        >
          Active
        </th>
      </tr>
    </thead>
    <tbody>
      <tr>
        <th>
          test1
        </th>
        <td
          className="d-none d-lg-table-cell"
        >
          discordusername
        </td>
        <td>
          <img
            alt=""
            className="padding-bottom-4"
            height="15px"
            src="lifestaff.png"
          />
          <span>
            Life Staff
          </span>
          <br />
          <img
            alt=""
            className="padding-bottom-4 d-md-none"
            height="15px"
            src="sword.png"
          />
          <span
            className="d-lg-none"
          >
            Sword
          </span>
          <span
            className="d-lg-none"
          >
            <br />
            Light
          </span>
          <span
            className="d-lg-none"
          >
            <br />
            dps
          </span>
          <span
            className="d-lg-none"
          >
            <br />
            600
          </span>
        </td>
        <td
          className="d-none d-lg-table-cell"
        >
          <img
            alt=""
            className="padding-bottom-4"
            height="15px"
            src="sword.png"
          />
          <span>
            Sword
          </span>
        </td>
        <td
          className="d-none d-lg-table-cell"
        >
          <span>
            Light
          </span>
        </td>
        <td
          className="d-none d-lg-table-cell"
        >
          <span>
            dps
          </span>
        </td>
        <td
          className="d-none d-lg-table-cell"
        >
          <span>
            600
          </span>
        </td>
        <td
          className="d-none d-lg-table-cell"
        >
          <img
            alt=""
            className="padding-bottom-4"
            height="15px"
            src="lifestaff.png"
          />
          <span>
            Life Staff
          </span>
        </td>
        <td
          className="d-none d-lg-table-cell"
        >
          <img
            alt=""
            className="padding-bottom-4"
            height="15px"
            src="sword.png"
          />
          <span>
            Sword
          </span>
        </td>
        <td
          className="d-none d-lg-table-cell"
        >
          <span>
            Light
          </span>
        </td>
        <td
          className="d-none d-lg-table-cell"
        >
          <span>
            dps
          </span>
        </td>
        <td
          className="d-none d-lg-table-cell"
        >
          <span>
            600
          </span>
        </td>
        <td
          className="txt-center d-none d-lg-table-cell"
        >
          <svg
            aria-hidden="true"
            className="svg-inline--fa fa-thumbs-up active-player-icon"
            data-icon="thumbs-up"
            data-prefix="fas"
            focusable="false"
            onClick={[Function]}
            role="img"
            style={Object {}}
            viewBox="0 0 512 512"
            xmlns="http://www.w3.org/2000/svg"
          >
            <path
              d="M313.4 32.9c26 5.2 42.9 30.5 37.7 56.5l-2.3 11.4c-5.3 26.7-15.1 52.1-28.8 75.2H464c26.5 0 48 21.5 48 48c0 25.3-19.5 46-44.3 47.9c7.7 8.5 12.3 19.8 12.3 32.1c0 23.4-16.8 42.9-38.9 47.1c4.4 7.2 6.9 15.8 6.9 24.9c0 21.3-13.9 39.4-33.1 45.6c.7 3.3 1.1 6.8 1.1 10.4c0 26.5-21.5 48-48 48H294.5c-19 0-37.5-5.6-53.3-16.1l-38.5-25.7C176 420.4 160 390.4 160 358.3V320 272 247.1c0-29.2 13.3-56.7 36-75l7.4-5.9c26.5-21.2 44.6-51 51.2-84.2l2.3-11.4c5.2-26 30.5-42.9 56.5-37.7zM32 192H96c17.7 0 32 14.3 32 32V448c0 17.7-14.3 32-32 32H32c-17.7 0-32-14.3-32-32V224c0-17.7 14.3-32 32-32z"
              fill="currentColor"
              style={Object {}}
            />
          </svg>
        </td>
      </tr>
      <tr>
        <th>
          test2
        </th>
        <td
          className="d-none d-lg-table-cell"
        >
          discordusername
        </td>
        <td>
          <img
            alt=""
            className="padding-bottom-4"
            height="15px"
            src="lifestaff.png"
          />
          <span>
            Life Staff
          </span>
          <br />
          <img
            alt=""
            className="padding-bottom-4 d-md-none"
            height="15px"
            src="sword.png"
          />
          <span
            className="d-lg-none"
          >
            Sword
          </span>
          <span
            className="d-lg-none"
          >
            <br />
            Light
          </span>
          <span
            className="d-lg-none"
          >
            <br />
            dps
          </span>
          <span
            className="d-lg-none"
          >
            <br />
            600
          </span>
        </td>
        <td
          className="d-none d-lg-table-cell"
        >
          <img
            alt=""
            className="padding-bottom-4"
            height="15px"
            src="sword.png"
          />
          <span>
            Sword
          </span>
        </td>
        <td
          className="d-none d-lg-table-cell"
        >
          <span>
            Light
          </span>
        </td>
        <td
          className="d-none d-lg-table-cell"
        >
          <span>
            dps
          </span>
        </td>
        <td
          className="d-none d-lg-table-cell"
        >
          <span>
            600
          </span>
        </td>
        <td
          className="d-none d-lg-table-cell"
        >
          <img
            alt=""
            className="padding-bottom-4"
            height="15px"
            src="lifestaff.png"
          />
          <span>
            Life Staff
          </span>
        </td>
        <td
          className="d-none d-lg-table-cell"
        >
          <img
            alt=""
            className="padding-bottom-4"
            height="15px"
            src="sword.png"
          />
          <span>
            Sword
          </span>
        </td>
        <td
          className="d-none d-lg-table-cell"
        >
          <span>
            Light
          </span>
        </td>
        <td
          className="d-none d-lg-table-cell"
        >
          <span>
            dps
          </span>
        </td>
        <td
          className="d-none d-lg-table-cell"
        >
          <span>
            600
          </span>
        </td>
        <td
          className="txt-center d-none d-lg-table-cell"
        >
          <svg
            aria-hidden="true"
            className="svg-inline--fa fa-thumbs-up active-player-icon"
            data-icon="thumbs-up"
            data-prefix="fas"
            focusable="false"
            onClick={[Function]}
            role="img"
            style={Object {}}
            viewBox="0 0 512 512"
            xmlns="http://www.w3.org/2000/svg"
          >
            <path
              d="M313.4 32.9c26 5.2 42.9 30.5 37.7 56.5l-2.3 11.4c-5.3 26.7-15.1 52.1-28.8 75.2H464c26.5 0 48 21.5 48 48c0 25.3-19.5 46-44.3 47.9c7.7 8.5 12.3 19.8 12.3 32.1c0 23.4-16.8 42.9-38.9 47.1c4.4 7.2 6.9 15.8 6.9 24.9c0 21.3-13.9 39.4-33.1 45.6c.7 3.3 1.1 6.8 1.1 10.4c0 26.5-21.5 48-48 48H294.5c-19 0-37.5-5.6-53.3-16.1l-38.5-25.7C176 420.4 160 390.4 160 358.3V320 272 247.1c0-29.2 13.3-56.7 36-75l7.4-5.9c26.5-21.2 44.6-51 51.2-84.2l2.3-11.4c5.2-26 30.5-42.9 56.5-37.7zM32 192H96c17.7 0 32 14.3 32 32V448c0 17.7-14.3 32-32 32H32c-17.7 0-32-14.3-32-32V224c0-17.7 14.3-32 32-32z"
              fill="currentColor"
              style={Object {}}
            />
          </svg>
        </td>
      </tr>
      <tr>
        <th>
          test3
        </th>
        <td
          className="d-none d-lg-table-cell"
        >
          discordusername
        </td>
        <td>
          <img
            alt=""
            className="padding-bottom-4"
            height="15px"
            src="lifestaff.png"
          />
          <span>
            Life Staff
          </span>
          <br />
          <img
            alt=""
            className="padding-bottom-4 d-md-none"
            height="15px"
            src="sword.png"
          />
          <span
            className="d-lg-none"
          >
            Sword
          </span>
          <span
            className="d-lg-none"
          >
            <br />
            Light
          </span>
          <span
            className="d-lg-none"
          >
            <br />
            dps
          </span>
          <span
            className="d-lg-none"
          >
            <br />
            600
          </span>
        </td>
        <td
          className="d-none d-lg-table-cell"
        >
          <img
            alt=""
            className="padding-bottom-4"
            height="15px"
            src="sword.png"
          />
          <span>
            Sword
          </span>
        </td>
        <td
          className="d-none d-lg-table-cell"
        >
          <span>
            Light
          </span>
        </td>
        <td
          className="d-none d-lg-table-cell"
        >
          <span>
            dps
          </span>
        </td>
        <td
          className="d-none d-lg-table-cell"
        >
          <span>
            600
          </span>
        </td>
        <td
          className="d-none d-lg-table-cell"
        >
          <img
            alt=""
            className="padding-bottom-4"
            height="15px"
            src="lifestaff.png"
          />
          <span>
            Life Staff
          </span>
        </td>
        <td
          className="d-none d-lg-table-cell"
        >
          <img
            alt=""
            className="padding-bottom-4"
            height="15px"
            src="sword.png"
          />
          <span>
            Sword
          </span>
        </td>
        <td
          className="d-none d-lg-table-cell"
        >
          <span>
            Light
          </span>
        </td>
        <td
          className="d-none d-lg-table-cell"
        >
          <span>
            dps
          </span>
        </td>
        <td
          className="d-none d-lg-table-cell"
        >
          <span>
            600
          </span>
        </td>
        <td
          className="txt-center d-none d-lg-table-cell"
        >
          <svg
            aria-hidden="true"
            className="svg-inline--fa fa-thumbs-up active-player-icon"
            data-icon="thumbs-up"
            data-prefix="fas"
            focusable="false"
            onClick={[Function]}
            role="img"
            style={Object {}}
            viewBox="0 0 512 512"
            xmlns="http://www.w3.org/2000/svg"
          >
            <path
              d="M313.4 32.9c26 5.2 42.9 30.5 37.7 56.5l-2.3 11.4c-5.3 26.7-15.1 52.1-28.8 75.2H464c26.5 0 48 21.5 48 48c0 25.3-19.5 46-44.3 47.9c7.7 8.5 12.3 19.8 12.3 32.1c0 23.4-16.8 42.9-38.9 47.1c4.4 7.2 6.9 15.8 6.9 24.9c0 21.3-13.9 39.4-33.1 45.6c.7 3.3 1.1 6.8 1.1 10.4c0 26.5-21.5 48-48 48H294.5c-19 0-37.5-5.6-53.3-16.1l-38.5-25.7C176 420.4 160 390.4 160 358.3V320 272 247.1c0-29.2 13.3-56.7 36-75l7.4-5.9c26.5-21.2 44.6-51 51.2-84.2l2.3-11.4c5.2-26 30.5-42.9 56.5-37.7zM32 192H96c17.7 0 32 14.3 32 32V448c0 17.7-14.3 32-32 32H32c-17.7 0-32-14.3-32-32V224c0-17.7 14.3-32 32-32z"
              fill="currentColor"
              style={Object {}}
            />
          </svg>
        </td>
      </tr>
      <tr>
        <th>
          testinactive
        </th>
        <td
          className="d-none d-lg-table-cell"
        >
          discordinactiveuser
        </td>
        <td>
          <img
            alt=""
            className="padding-bottom-4"
            height="15px"
            src="lifestaff.png"
          />
          <span>
            Life Staff
          </span>
          <br />
          <img
            alt=""
            className="padding-bottom-4 d-md-none"
            height="15px"
            src="sword.png"
          />
          <span
            className="d-lg-none"
          >
            Sword
          </span>
          <span
            className="d-lg-none"
          >
            <br />
            Light
          </span>
          <span
            className="d-lg-none"
          >
            <br />
            dps
          </span>
          <span
            className="d-lg-none"
          >
            <br />
            600
          </span>
        </td>
        <td
          className="d-none d-lg-table-cell"
        >
          <img
            alt=""
            className="padding-bottom-4"
            height="15px"
            src="sword.png"
          />
          <span>
            Sword
          </span>
        </td>
        <td
          className="d-none d-lg-table-cell"
        >
          <span>
            Light
          </span>
        </td>
        <td
          className="d-none d-lg-table-cell"
        >
          <span>
            dps
          </span>
        </td>
        <td
          className="d-none d-lg-table-cell"
        >
          <span>
            600
          </span>
        </td>
        <td
          className="d-none d-lg-table-cell"
        >
          <img
            alt=""
            className="padding-bottom-4"
            height="15px"
            src="lifestaff.png"
          />
          <span>
            Life Staff
          </span>
        </td>
        <td
          className="d-none d-lg-table-cell"
        >
          <img
            alt=""
            className="padding-bottom-4"
            height="15px"
            src="sword.png"
          />
          <span>
            Sword
          </span>
        </td>
        <td
          className="d-none d-lg-table-cell"
        >
          <span>
            Light
          </span>
        </td>
        <td
          className="d-none d-lg-table-cell"
        >
          <span>
            dps
          </span>
        </td>
        <td
          className="d-none d-lg-table-cell"
        >
          <span>
            600
          </span>
        </td>
        <td
          className="txt-center d-none d-lg-table-cell"
        >
          <svg
            aria-hidden="true"
            className="svg-inline--fa fa-thumbs-down inactive-player-icon"
            data-icon="thumbs-down"
            data-prefix="fas"
            focusable="false"
            onClick={[Function]}
            role="img"
            style={Object {}}
            viewBox="0 0 512 512"
            xmlns="http://www.w3.org/2000/svg"
          >
            <path
              d="M313.4 479.1c26-5.2 42.9-30.5 37.7-56.5l-2.3-11.4c-5.3-26.7-15.1-52.1-28.8-75.2H464c26.5 0 48-21.5 48-48c0-25.3-19.5-46-44.3-47.9c7.7-8.5 12.3-19.8 12.3-32.1c0-23.4-16.8-42.9-38.9-47.1c4.4-7.3 6.9-15.8 6.9-24.9c0-21.3-13.9-39.4-33.1-45.6c.7-3.3 1.1-6.8 1.1-10.4c0-26.5-21.5-48-48-48H294.5c-19 0-37.5 5.6-53.3 16.1L202.7 73.8C176 91.6 160 121.6 160 153.7V192v48 24.9c0 29.2 13.3 56.7 36 75l7.4 5.9c26.5 21.2 44.6 51 51.2 84.2l2.3 11.4c5.2 26 30.5 42.9 56.5 37.7zM32 320H96c17.7 0 32-14.3 32-32V64c0-17.7-14.3-32-32-32H32C14.3 32 0 46.3 0 64V288c0 17.7 14.3 32 32 32z"
              fill="currentColor"
              style={Object {}}
            />
          </svg>
        </td>
      </tr>
    </tbody>
  </table>
</div>
`;
